// Jest Snapshot v1, https://goo.gl/fbAQLP

exports[`button tests button test1 1`] = `
<DocumentFragment>
  <div>
    <button>
      Click Me
    </button>
  </div>
</DocumentFragment>
`;
